RELEASE 2

sqlite> SELECT * FROM pets;
1|Zeus|5|dog|false|2
2|Charlie|2|dog|true|3
3|Lambda Lambda Lambda|3|cat|true|1
4|Coalette|1|dog|false|4
5|Catsby|3|cat|true|1
6|Athena|4|dog|true|2

sqlite> UPDATE pets SET age=3 WHERE name="Athena";

sqlite> SELECT * FROM pets, owners WHERE pets.owner_id = owners.id;
1|Zeus|5|dog|false|2|2|Julie
2|Charlie|2|dog|true|3|3|Alex
3|Lambda Lambda Lambda|3|cat|true|1|1|Jessica
4|Coalette|1|dog|false|4|4|Zach
5|Catsby|3|cat|true|1|1|Jessica
6|Athena|3|dog|true|2|2|Julie

sqlite> SELECT name, type FROM pets;
Zeus|dog
Charlie|dog
Lambda Lambda Lambda|cat
Catsby|cat
Athena|dog

sqlite> SELECT owners.name, pets.name FROM owners JOIN pets ON owners.id = pets.owner_id;
Julie|Zeus
Alex|Charlie
Jessica|Lambda Lambda Lambda
Zach|Coalette
Jessica|Catsby
Julie|Athena

sqlite> DELETE FROM pets WHERE name="Coalette";
sqlite> SELECT * FROM pets;
1|Zeus|5|dog|false|2
2|Charlie|2|dog|true|3
3|Lambda Lambda Lambda|3|cat|true|1
5|Catsby|3|cat|true|1
6|Athena|3|dog|true|2

RELEASE 3

sqlite> SELECT pets.name, owners.name FROM pets JOIN owners ON pets.owner_id = owners.id;
Zeus|Julie
Charlie|Alex
Lambda Lambda Lambda|Jessica
Coalette|Zach
Catsby|Jessica
Athena|Julie

sqlite> SELECT pets.name, pets.age, owners.name FROM pets JOIN owners ON pets.owner_id = owners.id;
Zeus|5|Julie
Charlie|2|Alex
Lambda Lambda Lambda|3|Jessica
Catsby|3|Jessica
Athena|3|Julie

sqlite> SELECT pets.name, pets.type, owners.name FROM pets LEFT JOIN owners ON pets.owner_id = owners.id;
Zeus|dog|Julie
Charlie|dog|Alex
Lambda Lambda Lambda|cat|Jessica
Catsby|cat|Jessica
Athena|dog|Julie

sqlite> SELECT pets.name, pets.type, owners.name FROM pets RIGHT JOIN owners ON pets.owner_id = owners.id;
Error: RIGHT and FULL OUTER JOINs are not currently supported

sqlite> SELECT owners.name, pets.name, pets.cute FROM owners JOIN pets ON owners.id = pets.owner_id;
Julie|Zeus|false
Alex|Charlie|true
Jessica|Lambda Lambda Lambda|true
Jessica|Catsby|true
Julie|Athena|true